// Jest Snapshot v1, https://goo.gl/fbAQLP

exports[`ProductCard should be show title with prodact data 1`] = `
<div
  className="productCard undefined"
>
  <span
    className="productDescription undefined"
  >
    Coffee Mug with a nice picture
  </span>
</div>
`;
