// Jest Snapshot v1, https://goo.gl/fbAQLP

exports[`ProductTitle should be render component 1`] = `
<span
  className="productDescription other-classmane"
>
  any title
</span>
`;

exports[`ProductTitle should be show title with prodact data 1`] = `
<div
  className="productCard undefined"
>
  <span
    className="productDescription undefined"
  >
    Coffee Mug with a nice picture
  </span>
</div>
`;
