// Jest Snapshot v1, https://goo.gl/fbAQLP

exports[`ProductButtons should be render component 1`] = `
<div
  className="buttonsContainer undefined"
>
  <button
    className="buttonMinus"
    onClick={[Function]}
  >
    -
  </button>
  <div
    className="countLabel"
  />
  <button
    className="buttonAdd false"
    onClick={[Function]}
  >
    +
  </button>
</div>
`;
